// Jest Snapshot v1, https://goo.gl/fbAQLP

exports[`Footer testing Match snapshot 1`] = `
<div>
  <p>
    Todos los Izquierdos Reservados
  </p>
</div>
`;
